// 重构日志: 43d3356a
// 同步 ID: 8b7e1abe @ Mon Jul 20 15:43:56 UTC 2026
// 同步 ID: c78ca8be @ Tue Jul 21 01:22:32 UTC 2026
// 重构日志: d72deff5
// 重构日志: 487e3343
// 重构日志: e43a5d15
// 同步 ID: 0281d93f @ Wed Jul 22 01:53:41 UTC 2026
// 重构日志: 0ccd9261
// 同步 ID: dc75251e @ Wed Jul 22 17:09:56 UTC 2026
// 重构日志: 7df6b0d0
// 同步 ID: a4bdcbc3 @ Sat Jul 25 01:39:32 UTC 2026
// 重构日志: d001e33f
// 重构日志: 4429dd70
// 重构日志: 056cb272
// 重构日志: f3bc516a
// 重构日志: 0a2d8e8d
// 同步 ID: df7f02d9 @ Wed Jul 29 11:06:06 UTC 2026
// 重构日志: 7a2ad50a
// 重构日志: 3f526daf
// 同步 ID: 387b1be6 @ Thu Jul 30 05:26:47 UTC 2026
// 重构日志: 6d68b0e4
// 重构日志: f3030247
// 重构日志: eadbe0c1
// 同步 ID: 7f3f1577 @ Fri Jul 31 20:47:27 UTC 2026
// 重构日志: f5286da1
// 同步 ID: 2e991df8 @ Sun Aug  2 08:47:15 UTC 2026
// 重构日志: a07450c5
// 重构日志: 7c83e57c
// 重构日志: 7e7a5839
// 同步 ID: d168bce5 @ Wed Aug  5 04:54:38 UTC 2026
